[2026-03-03 23:46:02] INFO [data.data_creation] - Creating SQLite coffee database 
[2026-03-03 23:46:14] INFO [src.components.data_ingestion] - done with the df
[2026-03-03 23:46:14] INFO [src.components.data_ingestion] - ok done check the directory updated
[2026-03-03 23:46:14] INFO [src.components.data_ingestion] - ok done with the raw file
[2026-03-03 23:46:14] INFO [src.components.data_ingestion] - the shape of train_csv is (1440, 8)
[2026-03-03 23:46:14] INFO [src.components.data_ingestion] - the shape of train_csv is (360, 8)
[2026-03-03 23:46:14] INFO [src.components.data_ingestion] - ok done check the directory updated
[2026-03-03 23:46:14] INFO [src.components.data_ingestion] - ok done check the directory updated
[2026-03-03 23:46:14] INFO [src.components.data_ingestion] - and now done with the both csv s
[2026-03-03 23:46:14] INFO [src.components.data_validation] - Starting data validation...
[2026-03-03 23:46:14] INFO [src.components.data_validation] - checking the minimum cols required
[2026-03-03 23:46:14] INFO [src.components.data_validation] - ok you are above the min requirement
[2026-03-03 23:46:14] INFO [src.components.data_validation] - checking the minimum cols required
[2026-03-03 23:46:14] INFO [src.components.data_validation] - ok you are above the min requirement
[2026-03-03 23:46:14] INFO [src.components.data_validation] -  Row count checks passed
[2026-03-03 23:46:14] INFO [src.components.data_validation] - the columns expected are {'body', 'acidity', 'aroma', 'flavor', 'quality', 'aftertaste', 'balance'} and the actual columns are {'body', 'acidity', 'aroma', 'flavor', 'quality', 'aftertaste', 'balance'} and they match
[2026-03-03 23:46:14] INFO [src.components.data_validation] - the columns expected are {'body', 'acidity', 'aroma', 'flavor', 'quality', 'aftertaste', 'balance'} and the actual columns are {'body', 'acidity', 'aroma', 'flavor', 'quality', 'aftertaste', 'balance'} and they match
[2026-03-03 23:46:14] INFO [src.components.data_validation] -  Column checks passed
[2026-03-03 23:46:14] INFO [src.components.data_validation] - Value range validation: 1440 valid, 0 invalid rows
[2026-03-03 23:46:14] INFO [src.components.data_validation] - Value range validation: 360 valid, 0 invalid rows
[2026-03-03 23:46:14] INFO [src.components.data_validation] - Train: 1440 valid, 0 invalid
[2026-03-03 23:46:14] INFO [src.components.data_validation] - Test: 360 valid, 0 invalid
[2026-03-03 23:46:14] INFO [src.components.data_validation] - Drift detection completed
[2026-03-03 23:46:15] INFO [src.components.data_validation] -  All validated files saved
[2026-03-03 23:46:15] INFO [src.components.data_transformation] - Data Transformation class initialized
[2026-03-03 23:46:15] INFO [src.components.data_transformation] - Creating transformation pipeline
[2026-03-03 23:46:15] INFO [src.components.data_transformation] - Data transformation completed successfully
