[2026-03-01 17:57:35] INFO [data.data_creation] - Creating SQLite coffee database 
[2026-03-01 17:57:36] INFO [src.components.data_ingestion] - done with the df
[2026-03-01 17:57:36] INFO [src.components.data_ingestion] - ok done check the directory updated
[2026-03-01 17:57:36] INFO [src.components.data_ingestion] - ok done with the raw file
[2026-03-01 17:57:36] INFO [src.components.data_ingestion] - the shape of train_csv is (1216, 8)
[2026-03-01 17:57:36] INFO [src.components.data_ingestion] - the shape of train_csv is (304, 8)
[2026-03-01 17:57:36] INFO [src.components.data_ingestion] - ok done check the directory updated
[2026-03-01 17:57:36] INFO [src.components.data_ingestion] - ok done check the directory updated
[2026-03-01 17:57:36] INFO [src.components.data_ingestion] - and now done with the both csv s
[2026-03-01 17:57:36] INFO [src.components.data_validation] - Starting data validation...
[2026-03-01 17:57:36] INFO [src.components.data_validation] - checking the minimum cols required
[2026-03-01 17:57:36] INFO [src.components.data_validation] - ok you are above the min requirement
[2026-03-01 17:57:36] INFO [src.components.data_validation] - checking the minimum cols required
[2026-03-01 17:57:36] INFO [src.components.data_validation] - ok you are above the min requirement
[2026-03-01 17:57:36] INFO [src.components.data_validation] -  Row count checks passed
[2026-03-01 17:57:36] INFO [src.components.data_validation] - the columns expected are {'body', 'aftertaste', 'aroma', 'quality', 'acidity', 'flavor', 'balance'} and the actual columns are {'body', 'aftertaste', 'aroma', 'quality', 'acidity', 'flavor', 'balance'} and they match
[2026-03-01 17:57:36] INFO [src.components.data_validation] - the columns expected are {'body', 'aftertaste', 'aroma', 'quality', 'acidity', 'flavor', 'balance'} and the actual columns are {'body', 'aftertaste', 'aroma', 'quality', 'acidity', 'flavor', 'balance'} and they match
[2026-03-01 17:57:36] INFO [src.components.data_validation] -  Column checks passed
[2026-03-01 17:57:36] INFO [src.components.data_validation] - Value range validation: 1216 valid, 0 invalid rows
[2026-03-01 17:57:36] INFO [src.components.data_validation] - Value range validation: 304 valid, 0 invalid rows
[2026-03-01 17:57:36] INFO [src.components.data_validation] - Train: 1216 valid, 0 invalid
[2026-03-01 17:57:36] INFO [src.components.data_validation] - Test: 304 valid, 0 invalid
[2026-03-01 17:57:36] INFO [src.components.data_validation] - Drift detection completed
[2026-03-01 17:57:36] INFO [src.components.data_validation] -  All validated files saved
[2026-03-01 17:57:36] INFO [src.components.data_transformation] - Data Transformation class initialized
[2026-03-01 17:57:36] INFO [src.components.data_transformation] - Creating transformation pipeline
[2026-03-01 17:57:36] INFO [src.components.data_transformation] - Data transformation completed successfully
