[2026-03-15 17:17:40] INFO [data.data_creation] - Creating SQLite coffee database 
[2026-03-15 17:18:47] INFO [httpx] - HTTP Request: POST https://dagshub.com/login/oauth/middleman "HTTP/1.1 200 OK"
[2026-03-15 17:18:51] INFO [httpx] - HTTP Request: POST https://dagshub.com/login/oauth/access_token "HTTP/1.1 200 OK"
[2026-03-15 17:18:53] INFO [httpx] - HTTP Request: GET https://dagshub.com/api/v1/user "HTTP/1.1 200 OK"
[2026-03-15 17:18:53] INFO [dagshub] - Accessing as tahaanik729
[2026-03-15 17:18:55] INFO [httpx] - HTTP Request: GET https://dagshub.com/api/v1/repos/tahaanik729/Coffee_pipeline "HTTP/1.1 200 OK"
[2026-03-15 17:18:57] INFO [httpx] - HTTP Request: GET https://dagshub.com/api/v1/user "HTTP/1.1 200 OK"
[2026-03-15 17:18:57] INFO [dagshub] - Initialized MLflow to track repo "tahaanik729/Coffee_pipeline"
[2026-03-15 17:18:57] INFO [dagshub] - Repository tahaanik729/Coffee_pipeline initialized!
[2026-03-15 17:18:58] INFO [src.components.data_ingestion] - done with the df
[2026-03-15 17:18:58] INFO [src.components.data_ingestion] - ok done check the directory updated
[2026-03-15 17:18:58] INFO [src.components.data_ingestion] - ok done with the raw file
[2026-03-15 17:18:58] INFO [src.components.data_ingestion] - the shape of train_csv is (1600, 8)
[2026-03-15 17:18:58] INFO [src.components.data_ingestion] - the shape of train_csv is (400, 8)
[2026-03-15 17:18:58] INFO [src.components.data_ingestion] - ok done check the directory updated
[2026-03-15 17:18:58] INFO [src.components.data_ingestion] - ok done check the directory updated
[2026-03-15 17:18:58] INFO [src.components.data_ingestion] - and now done with the both csv s
[2026-03-15 17:18:58] INFO [src.components.data_validation] - Starting data validation...
[2026-03-15 17:18:58] INFO [src.components.data_validation] - checking the minimum cols required
[2026-03-15 17:18:58] INFO [src.components.data_validation] - ok you are above the min requirement
[2026-03-15 17:18:58] INFO [src.components.data_validation] - checking the minimum cols required
[2026-03-15 17:18:58] INFO [src.components.data_validation] - ok you are above the min requirement
[2026-03-15 17:18:58] INFO [src.components.data_validation] -  Row count checks passed
[2026-03-15 17:18:58] INFO [src.components.data_validation] - the columns expected are {'aftertaste', 'quality', 'balance', 'acidity', 'aroma', 'body', 'flavor'} and the actual columns are {'aftertaste', 'quality', 'balance', 'acidity', 'aroma', 'body', 'flavor'} and they match
[2026-03-15 17:18:58] INFO [src.components.data_validation] - the columns expected are {'aftertaste', 'quality', 'balance', 'acidity', 'aroma', 'body', 'flavor'} and the actual columns are {'aftertaste', 'quality', 'balance', 'acidity', 'aroma', 'body', 'flavor'} and they match
[2026-03-15 17:18:58] INFO [src.components.data_validation] -  Column checks passed
[2026-03-15 17:18:58] INFO [src.components.data_validation] - Value range validation: 1600 valid, 0 invalid rows
[2026-03-15 17:18:58] INFO [src.components.data_validation] - Value range validation: 400 valid, 0 invalid rows
[2026-03-15 17:18:58] INFO [src.components.data_validation] - Train: 1600 valid, 0 invalid
[2026-03-15 17:18:58] INFO [src.components.data_validation] - Test: 400 valid, 0 invalid
[2026-03-15 17:18:58] INFO [src.components.data_validation] - Drift detection completed
[2026-03-15 17:18:58] INFO [src.components.data_validation] -  All validated files saved
[2026-03-15 17:18:58] INFO [src.components.data_transformation] - Data Transformation class initialized
[2026-03-15 17:18:58] INFO [src.components.data_transformation] - Creating transformation pipeline
[2026-03-15 17:18:58] INFO [src.components.data_transformation] - Data transformation completed successfully
[2026-03-15 17:18:58] INFO [src.components.trainer] - started the training of the model
[2026-03-15 17:19:01] INFO [httpx] - HTTP Request: GET https://dagshub.com/api/v1/repos/tahaanik729/Coffee_pipeline "HTTP/1.1 200 OK"
[2026-03-15 17:19:01] INFO [dagshub] - Initialized MLflow to track repo "tahaanik729/Coffee_pipeline"
[2026-03-15 17:19:01] INFO [dagshub] - Repository tahaanik729/Coffee_pipeline initialized!
[2026-03-15 17:22:31] INFO [src.components.trainer] - model training completed and the best model is random_forest with f1 score 1.0
