[2026-03-15 18:01:50] INFO [data.data_creation] - Creating SQLite coffee database 
[2026-03-15 18:02:03] INFO [httpx] - HTTP Request: GET https://dagshub.com/api/v1/user "HTTP/1.1 200 OK"
[2026-03-15 18:02:03] INFO [dagshub] - Accessing as tahaanik729
[2026-03-15 18:02:04] INFO [httpx] - HTTP Request: GET https://dagshub.com/api/v1/repos/tahaanik729/Coffee_pipeline "HTTP/1.1 200 OK"
[2026-03-15 18:02:06] INFO [httpx] - HTTP Request: GET https://dagshub.com/api/v1/user "HTTP/1.1 200 OK"
[2026-03-15 18:02:06] INFO [dagshub] - Initialized MLflow to track repo "tahaanik729/Coffee_pipeline"
[2026-03-15 18:02:06] INFO [dagshub] - Repository tahaanik729/Coffee_pipeline initialized!
[2026-03-15 18:02:07] INFO [src.components.data_ingestion] - done with the df
[2026-03-15 18:02:07] INFO [src.components.data_ingestion] - ok done check the directory updated
[2026-03-15 18:02:07] INFO [src.components.data_ingestion] - ok done with the raw file
[2026-03-15 18:02:07] INFO [src.components.data_ingestion] - the shape of train_csv is (1696, 8)
[2026-03-15 18:02:07] INFO [src.components.data_ingestion] - the shape of train_csv is (424, 8)
[2026-03-15 18:02:07] INFO [src.components.data_ingestion] - ok done check the directory updated
[2026-03-15 18:02:07] INFO [src.components.data_ingestion] - ok done check the directory updated
[2026-03-15 18:02:07] INFO [src.components.data_ingestion] - and now done with the both csv s
[2026-03-15 18:02:07] INFO [src.components.data_validation] - Starting data validation...
[2026-03-15 18:02:07] INFO [src.components.data_validation] - checking the minimum cols required
[2026-03-15 18:02:07] INFO [src.components.data_validation] - ok you are above the min requirement
[2026-03-15 18:02:07] INFO [src.components.data_validation] - checking the minimum cols required
[2026-03-15 18:02:07] INFO [src.components.data_validation] - ok you are above the min requirement
[2026-03-15 18:02:07] INFO [src.components.data_validation] -  Row count checks passed
[2026-03-15 18:02:07] INFO [src.components.data_validation] - the columns expected are {'aroma', 'balance', 'body', 'flavor', 'acidity', 'quality', 'aftertaste'} and the actual columns are {'aroma', 'balance', 'body', 'flavor', 'acidity', 'quality', 'aftertaste'} and they match
[2026-03-15 18:02:07] INFO [src.components.data_validation] - the columns expected are {'aroma', 'balance', 'body', 'flavor', 'acidity', 'quality', 'aftertaste'} and the actual columns are {'aroma', 'balance', 'body', 'flavor', 'acidity', 'quality', 'aftertaste'} and they match
[2026-03-15 18:02:07] INFO [src.components.data_validation] -  Column checks passed
[2026-03-15 18:02:07] INFO [src.components.data_validation] - Value range validation: 1696 valid, 0 invalid rows
[2026-03-15 18:02:07] INFO [src.components.data_validation] - Value range validation: 424 valid, 0 invalid rows
[2026-03-15 18:02:07] INFO [src.components.data_validation] - Train: 1696 valid, 0 invalid
[2026-03-15 18:02:07] INFO [src.components.data_validation] - Test: 424 valid, 0 invalid
[2026-03-15 18:02:07] INFO [src.components.data_validation] - Drift detection completed
[2026-03-15 18:02:07] INFO [src.components.data_validation] -  All validated files saved
[2026-03-15 18:02:07] INFO [src.components.data_transformation] - Data Transformation class initialized
[2026-03-15 18:02:07] INFO [src.components.data_transformation] - Creating transformation pipeline
[2026-03-15 18:02:07] INFO [src.components.data_transformation] - Data transformation completed successfully
[2026-03-15 18:02:07] INFO [src.components.trainer] - started the training of the model
[2026-03-15 18:02:10] INFO [httpx] - HTTP Request: GET https://dagshub.com/api/v1/repos/tahaanik729/Coffee_pipeline "HTTP/1.1 200 OK"
[2026-03-15 18:02:10] INFO [dagshub] - Initialized MLflow to track repo "tahaanik729/Coffee_pipeline"
[2026-03-15 18:02:10] INFO [dagshub] - Repository tahaanik729/Coffee_pipeline initialized!
[2026-03-15 18:05:31] INFO [src.components.trainer] - model training completed and the best model is random_forest with f1 score 1.0
[2026-03-15 18:05:32] INFO [src.pipeline.pipeline] - ingestion_config_created
[2026-03-15 18:05:32] INFO [src.pipeline.pipeline] - starting the ingestion
[2026-03-15 18:05:32] INFO [src.components.data_ingestion] - done with the df
[2026-03-15 18:05:32] INFO [src.components.data_ingestion] - ok done check the directory updated
[2026-03-15 18:05:32] INFO [src.components.data_ingestion] - ok done with the raw file
[2026-03-15 18:05:32] INFO [src.components.data_ingestion] - the shape of train_csv is (1696, 8)
[2026-03-15 18:05:32] INFO [src.components.data_ingestion] - the shape of train_csv is (424, 8)
[2026-03-15 18:05:32] INFO [src.components.data_ingestion] - ok done check the directory updated
[2026-03-15 18:05:32] INFO [src.components.data_ingestion] - ok done check the directory updated
[2026-03-15 18:05:32] INFO [src.components.data_ingestion] - and now done with the both csv s
[2026-03-15 18:05:32] INFO [src.pipeline.pipeline] - completed ingestion
[2026-03-15 18:05:32] INFO [src.pipeline.pipeline] - starting validation and config done 
[2026-03-15 18:05:32] INFO [src.components.data_validation] - Starting data validation...
[2026-03-15 18:05:33] INFO [src.components.data_validation] - checking the minimum cols required
[2026-03-15 18:05:33] INFO [src.components.data_validation] - ok you are above the min requirement
[2026-03-15 18:05:33] INFO [src.components.data_validation] - checking the minimum cols required
[2026-03-15 18:05:33] INFO [src.components.data_validation] - ok you are above the min requirement
[2026-03-15 18:05:33] INFO [src.components.data_validation] -  Row count checks passed
[2026-03-15 18:05:33] INFO [src.components.data_validation] - the columns expected are {'aroma', 'balance', 'body', 'flavor', 'acidity', 'quality', 'aftertaste'} and the actual columns are {'aroma', 'balance', 'body', 'flavor', 'acidity', 'quality', 'aftertaste'} and they match
[2026-03-15 18:05:33] INFO [src.components.data_validation] - the columns expected are {'aroma', 'balance', 'body', 'flavor', 'acidity', 'quality', 'aftertaste'} and the actual columns are {'aroma', 'balance', 'body', 'flavor', 'acidity', 'quality', 'aftertaste'} and they match
[2026-03-15 18:05:33] INFO [src.components.data_validation] -  Column checks passed
[2026-03-15 18:05:33] INFO [src.components.data_validation] - Value range validation: 1696 valid, 0 invalid rows
[2026-03-15 18:05:33] INFO [src.components.data_validation] - Value range validation: 424 valid, 0 invalid rows
[2026-03-15 18:05:33] INFO [src.components.data_validation] - Train: 1696 valid, 0 invalid
[2026-03-15 18:05:33] INFO [src.components.data_validation] - Test: 424 valid, 0 invalid
[2026-03-15 18:05:33] INFO [src.components.data_validation] - Drift detection completed
[2026-03-15 18:05:33] INFO [src.components.data_validation] -  All validated files saved
[2026-03-15 18:05:33] INFO [src.pipeline.pipeline] - validation completed
[2026-03-15 18:05:33] INFO [src.pipeline.pipeline] - starting the transformation
[2026-03-15 18:05:33] INFO [src.components.data_transformation] - Data Transformation class initialized
[2026-03-15 18:05:33] INFO [src.components.data_transformation] - Creating transformation pipeline
[2026-03-15 18:05:33] INFO [src.components.data_transformation] - Data transformation completed successfully
[2026-03-15 18:05:33] INFO [src.pipeline.pipeline] - completed the transformation process
[2026-03-15 18:05:33] INFO [src.pipeline.pipeline] - starting training
[2026-03-15 18:05:33] INFO [src.components.trainer] - started the training of the model
[2026-03-15 18:05:35] INFO [httpx] - HTTP Request: GET https://dagshub.com/api/v1/repos/tahaanik729/Coffee_pipeline "HTTP/1.1 200 OK"
[2026-03-15 18:05:35] INFO [dagshub] - Initialized MLflow to track repo "tahaanik729/Coffee_pipeline"
[2026-03-15 18:05:35] INFO [dagshub] - Repository tahaanik729/Coffee_pipeline initialized!
[2026-03-15 18:08:43] INFO [src.components.trainer] - model training completed and the best model is random_forest with f1 score 1.0
[2026-03-15 18:08:43] INFO [src.pipeline.pipeline] - of course done with training.....
