[2026-03-03 14:24:41] INFO [data.data_creation] - Creating SQLite coffee database 
[2026-03-03 14:24:47] INFO [dagshub.auth.tokens] - Removed expired tokens from the token cache
[2026-03-03 14:25:14] INFO [httpx] - HTTP Request: POST https://dagshub.com/login/oauth/middleman "HTTP/1.1 200 OK"
[2026-03-03 14:25:17] INFO [httpx] - HTTP Request: POST https://dagshub.com/login/oauth/access_token "HTTP/1.1 200 OK"
[2026-03-03 14:25:20] INFO [httpx] - HTTP Request: GET https://dagshub.com/api/v1/user "HTTP/1.1 200 OK"
[2026-03-03 14:25:20] INFO [dagshub] - Accessing as tahaanik729
[2026-03-03 14:25:22] INFO [httpx] - HTTP Request: GET https://dagshub.com/api/v1/repos/tahaanik729/Coffee_pipeline "HTTP/1.1 200 OK"
[2026-03-03 14:25:24] INFO [httpx] - HTTP Request: GET https://dagshub.com/api/v1/user "HTTP/1.1 200 OK"
[2026-03-03 14:25:24] INFO [dagshub] - Initialized MLflow to track repo "tahaanik729/Coffee_pipeline"
[2026-03-03 14:25:24] INFO [dagshub] - Repository tahaanik729/Coffee_pipeline initialized!
[2026-03-03 14:25:24] INFO [src.components.data_ingestion] - done with the df
[2026-03-03 14:25:24] INFO [src.components.data_ingestion] - ok done check the directory updated
[2026-03-03 14:25:24] INFO [src.components.data_ingestion] - ok done with the raw file
[2026-03-03 14:25:24] INFO [src.components.data_ingestion] - the shape of train_csv is (1408, 8)
[2026-03-03 14:25:24] INFO [src.components.data_ingestion] - the shape of train_csv is (352, 8)
[2026-03-03 14:25:24] INFO [src.components.data_ingestion] - ok done check the directory updated
[2026-03-03 14:25:24] INFO [src.components.data_ingestion] - ok done check the directory updated
[2026-03-03 14:25:24] INFO [src.components.data_ingestion] - and now done with the both csv s
[2026-03-03 14:25:24] INFO [src.components.data_validation] - Starting data validation...
[2026-03-03 14:25:24] INFO [src.components.data_validation] - checking the minimum cols required
[2026-03-03 14:25:24] INFO [src.components.data_validation] - ok you are above the min requirement
[2026-03-03 14:25:24] INFO [src.components.data_validation] - checking the minimum cols required
[2026-03-03 14:25:24] INFO [src.components.data_validation] - ok you are above the min requirement
[2026-03-03 14:25:24] INFO [src.components.data_validation] -  Row count checks passed
[2026-03-03 14:25:24] INFO [src.components.data_validation] - the columns expected are {'acidity', 'body', 'quality', 'aftertaste', 'balance', 'flavor', 'aroma'} and the actual columns are {'acidity', 'body', 'quality', 'aftertaste', 'balance', 'flavor', 'aroma'} and they match
[2026-03-03 14:25:24] INFO [src.components.data_validation] - the columns expected are {'acidity', 'body', 'quality', 'aftertaste', 'balance', 'flavor', 'aroma'} and the actual columns are {'acidity', 'body', 'quality', 'aftertaste', 'balance', 'flavor', 'aroma'} and they match
[2026-03-03 14:25:24] INFO [src.components.data_validation] -  Column checks passed
[2026-03-03 14:25:24] INFO [src.components.data_validation] - Value range validation: 1408 valid, 0 invalid rows
[2026-03-03 14:25:24] INFO [src.components.data_validation] - Value range validation: 352 valid, 0 invalid rows
[2026-03-03 14:25:24] INFO [src.components.data_validation] - Train: 1408 valid, 0 invalid
[2026-03-03 14:25:24] INFO [src.components.data_validation] - Test: 352 valid, 0 invalid
[2026-03-03 14:25:24] INFO [src.components.data_validation] - Drift detection completed
[2026-03-03 14:25:24] INFO [src.components.data_validation] -  All validated files saved
[2026-03-03 14:25:24] INFO [src.components.data_transformation] - Data Transformation class initialized
[2026-03-03 14:25:25] INFO [src.components.data_transformation] - Creating transformation pipeline
[2026-03-03 14:25:25] INFO [src.components.data_transformation] - Data transformation completed successfully
[2026-03-03 14:25:25] INFO [src.components.trainer] - started the training of the model
[2026-03-03 14:25:28] INFO [httpx] - HTTP Request: GET https://dagshub.com/api/v1/repos/tahaanik729/Coffee_pipeline "HTTP/1.1 200 OK"
[2026-03-03 14:25:28] INFO [dagshub] - Initialized MLflow to track repo "tahaanik729/Coffee_pipeline"
[2026-03-03 14:25:28] INFO [dagshub] - Repository tahaanik729/Coffee_pipeline initialized!
[2026-03-03 14:28:42] INFO [src.components.trainer] - model training completed and the best model is random_forest with f1 score 1.0
