[2026-02-28 14:25:57] INFO [data.data_creation] - Creating SQLite coffee database 
[2026-02-28 14:25:58] INFO [src.components.data_ingestion] - done with the df
[2026-02-28 14:25:58] INFO [src.components.data_ingestion] - ok done check the directory updated
[2026-02-28 14:25:58] INFO [src.components.data_ingestion] - ok done with the raw file
[2026-02-28 14:25:58] INFO [src.components.data_ingestion] - the shape of train_csv is (640, 8)
[2026-02-28 14:25:58] INFO [src.components.data_ingestion] - the shape of train_csv is (160, 8)
[2026-02-28 14:25:58] INFO [src.components.data_ingestion] - ok done check the directory updated
[2026-02-28 14:25:58] INFO [src.components.data_ingestion] - ok done check the directory updated
[2026-02-28 14:25:58] INFO [src.components.data_ingestion] - and now done with the both csv s
[2026-02-28 14:25:58] INFO [src.components.data_validation] - Starting data validation...
[2026-02-28 14:25:58] INFO [src.components.data_validation] - checking the minimum cols required
[2026-02-28 14:25:58] INFO [src.components.data_validation] - ok you are above the min requirement
[2026-02-28 14:25:58] INFO [src.components.data_validation] - checking the minimum cols required
[2026-02-28 14:25:58] INFO [src.components.data_validation] - ok you are above the min requirement
[2026-02-28 14:25:58] INFO [src.components.data_validation] -  Row count checks passed
[2026-02-28 14:25:58] INFO [src.components.data_validation] - the columns expected are {'flavor', 'body', 'aroma', 'aftertaste', 'acidity', 'quality', 'balance'} and the actual columns are {'flavor', 'body', 'aroma', 'aftertaste', 'acidity', 'quality', 'balance'} and they match
[2026-02-28 14:25:58] INFO [src.components.data_validation] - the columns expected are {'flavor', 'body', 'aroma', 'aftertaste', 'acidity', 'quality', 'balance'} and the actual columns are {'flavor', 'body', 'aroma', 'aftertaste', 'acidity', 'quality', 'balance'} and they match
[2026-02-28 14:25:58] INFO [src.components.data_validation] -  Column checks passed
[2026-02-28 14:25:58] INFO [src.components.data_validation] - Value range validation: 640 valid, 0 invalid rows
[2026-02-28 14:25:58] INFO [src.components.data_validation] - Value range validation: 160 valid, 0 invalid rows
[2026-02-28 14:25:58] INFO [src.components.data_validation] - Train: 640 valid, 0 invalid
[2026-02-28 14:25:58] INFO [src.components.data_validation] - Test: 160 valid, 0 invalid
[2026-02-28 14:25:58] INFO [src.components.data_validation] - Drift detection completed
[2026-02-28 14:25:58] INFO [src.components.data_validation] -  All validated files saved
